
[SystemTime { intervals: 134257678108509407 }] handle_compress: persist_store=true
[SystemTime { intervals: 134257678108515583 }] handle_compress: calling save_context for src/main.rs
[SystemTime { intervals: 134257678108518241 }] handle_compress: save_context OK id=ctx-ca2886707118784abf7850f98e8c77dd301dcc659ad69c163c223f380d7e83c1
[SystemTime { intervals: 134257678375065795 }] handle_compress: persist_store=true
[SystemTime { intervals: 134257678375073163 }] handle_compress: calling save_context for src/main.rs
[SystemTime { intervals: 134257678375076802 }] handle_compress: save_context OK id=ctx-ca2886707118784abf7850f98e8c77dd301dcc659ad69c163c223f380d7e83c1
[SystemTime { intervals[: 134257680224595235SystemTime } { ] intervalshandle_compress: persist_store=true: 
134257680224595477 }] handle_compress: persist_store=true
[SystemTime { intervals: 134257680224602278 }[] SystemTimehandle_compress: calling save_context for C:\Users\MNasty\Desktop\RustContextLayerAI\src\main.rs { intervals: 
134257680224602756 }] handle_compress: calling save_context for src/main.rs
[[SystemTime { SystemTimeintervals { : intervals134257680224605983 }] : handle_compress: save_context OK id=ctx-ca2886707118784abf7850f98e8c77dd301dcc659ad69c163c223f380d7e83c1134257680224606290
 }] handle_compress: save_context OK id=ctx-ca2886707118784abf7850f98e8c77dd301dcc659ad69c163c223f380d7e83c1
[SystemTime { intervals: 134257680224651164 }] handle_compress: persist_store=true
[SystemTime { intervals: 134257680224655335 }] handle_compress: calling save_context for C:\Users\MNasty\Desktop\RustContextLayerAI\src\main.rs
[SystemTime { intervals: 134257680224657541 }] handle_compress: save_context OK id=ctx-ca2886707118784abf7850f98e8c77dd301dcc659ad69c163c223f380d7e83c1
[SystemTime { intervals: 134257680224666362 }] handle_compress: persist_store=true
[SystemTime { intervals: 134257680224671388 }] handle_compress: calling save_context for C:\Users\MNasty\Desktop\RustContextLayerAI\src\main.rs
[SystemTime { intervals: 134257680224674709 }] handle_compress: save_context OK id=ctx-ca2886707118784abf7850f98e8c77dd301dcc659ad69c163c223f380d7e83c1
[SystemTime { intervals: 134257680224832325 }] handle_compress: persist_store=true
[SystemTime { intervals: 134257680224835843 }] handle_compress: calling save_context for src/lib.rs
[SystemTime { intervals: 134257680224838049 }] handle_compress: save_context OK id=ctx-3f20517c16af3185ff429a4abfdc483a7c53fd649b6194341476f698e2cc33e3
[SystemTime { intervals: 134257681322445723 }] handle_compress: persist_store=true
[SystemTime { intervals: 134257681322453450 }] handle_compress: calling save_context for C:\Users\MNasty\Desktop\RustContextLayerAI\src\main.rs
[SystemTime { intervals: 134257681322457243 }] handle_compress: save_context OK id=ctx-ca2886707118784abf7850f98e8c77dd301dcc659ad69c163c223f380d7e83c1
[SystemTime { intervals: 134257681322463244 }] handle_compress: persist_store=true
[SystemTime { intervals: 134257681322469770 }] handle_compress: calling save_context for C:\Users\MNasty\Desktop\RustContextLayerAI\src\main.rs
[SystemTime { intervals: 134257681322478749 }] handle_compress: save_context OK id=ctx-ca2886707118784abf7850f98e8c77dd301dcc659ad69c163c223f380d7e83c1
[SystemTime { intervals: 134257681322737373 }] handle_compress: persist_store=true
[SystemTime { intervals: 134257681322741654 }] handle_compress: calling save_context for C:\Users\MNasty\Desktop\RustContextLayerAI\src\lib.rs
[SystemTime { intervals: 134257681322744240 }] handle_compress: save_context OK id=ctx-3f20517c16af3185ff429a4abfdc483a7c53fd649b6194341476f698e2cc33e3
[SystemTime { intervals: 134257681323554160 }] handle_compress: persist_store=true
[SystemTime { intervals: 134257681325592772 }] handle_compress: calling save_context for C:\Users\MNasty\Desktop\RustContextLayerAI\src\main.rs
[SystemTime { intervals: 134257681325596026 }] handle_compress: save_context OK id=ctx-ca2886707118784abf7850f98e8c77dd301dcc659ad69c163c223f380d7e83c1
[SystemTime { intervals: 134257681335698599 }] handle_compress: persist_store=true
[SystemTime { intervals: 134257681335704967 }] handle_compress: calling save_context for C:\Users\MNasty\Desktop\RustContextLayerAI\src\main.rs
[SystemTime { intervals: 134257681335708778 }] handle_compress: save_context OK id=ctx-ca2886707118784abf7850f98e8c77dd301dcc659ad69c163c223f380d7e83c1
[SystemTime { intervals: 134257681604757280 }] handle_compress: persist_store=true
[SystemTime { intervals: 134257681604764542 }] handle_compress: calling save_context for C:\Users\MNasty\Desktop\RustContextLayerAI\src\main.rs
[SystemTime { intervals: 134257681604768187 }] handle_compress: save_context OK id=ctx-ca2886707118784abf7850f98e8c77dd301dcc659ad69c163c223f380d7e83c1
[SystemTime { intervals: 134257681605129988 }] handle_compress: persist_store=true
[SystemTime { intervals: 134257681605134359 }] handle_compress: calling save_context for C:\Users\MNasty\Desktop\RustContextLayerAI\src\main.rs
[SystemTime { intervals: 134257681605136612 }] handle_compress: save_context OK id=ctx-ca2886707118784abf7850f98e8c77dd301dcc659ad69c163c223f380d7e83c1
[SystemTime { intervals: 134257681605355352 }] handle_compress: persist_store=true
[SystemTime { intervals: 134257681605494793 }] handle_compress: calling save_context for C:\Users\MNasty\Desktop\RustContextLayerAI\src\lib.rs
[SystemTime { intervals: 134257681605497577 }] handle_compress: save_context OK id=ctx-3f20517c16af3185ff429a4abfdc483a7c53fd649b6194341476f698e2cc33e3
[SystemTime { intervals: 134257681606835572 }] handle_compress: persist_store=true
[SystemTime { intervals: 134257681606841604 }] handle_compress: calling save_context for C:\Users\MNasty\Desktop\RustContextLayerAI\src\main.rs
[SystemTime { intervals: 134257681606845078 }] handle_compress: save_context OK id=ctx-ca2886707118784abf7850f98e8c77dd301dcc659ad69c163c223f380d7e83c1
[SystemTime { intervals: 134257681606895162 }] handle_compress: persist_store=true
[SystemTime { intervals: 134257681606901444 }] handle_compress: calling save_context for C:\Users\MNasty\Desktop\RustContextLayerAI\src\main.rs
[SystemTime { intervals: 134257681606905067 }] handle_compress: save_context OK id=ctx-ca2886707118784abf7850f98e8c77dd301dcc659ad69c163c223f380d7e83c1
[SystemTime { intervals: 134257685066006340 }] handle_compress: persist_store=true
[SystemTime { intervals: 134257685066012706 }] handle_compress: calling save_context for C:\Users\MNasty\Desktop\RustContextLayerAI\src\main.rs
[SystemTime { intervals: 134257685066015208 }] handle_compress: save_context OK id=ctx-ca2886707118784abf7850f98e8c77dd301dcc659ad69c163c223f380d7e83c1
[SystemTime { intervals: 134257685066420819 }] handle_compress: persist_store=true
[SystemTime { intervals: 134257685066425471 }] handle_compress: calling save_context for C:\Users\MNasty\Desktop\RustContextLayerAI\src\main.rs
[SystemTime { intervals: 134257685066427734 }] handle_compress: save_context OK id=ctx-ca2886707118784abf7850f98e8c77dd301dcc659ad69c163c223f380d7e83c1
[SystemTime { intervals: 134257685068322774 }] handle_compress: persist_store=true
[SystemTime { intervals: 134257685068327160 }] handle_compress: calling save_context for C:\Users\MNasty\Desktop\RustContextLayerAI\src\main.rs
[SystemTime { intervals: 134257685068329432 }] handle_compress: save_context OK id=ctx-ca2886707118784abf7850f98e8c77dd301dcc659ad69c163c223f380d7e83c1
[SystemTime { intervals: 134257685068752021 }] handle_compress: persist_store=true
[SystemTime { intervals: 134257685068758582 }] handle_compress: calling save_context for C:\Users\MNasty\Desktop\RustContextLayerAI\src\main.rs
[SystemTime { intervals: 134257685068761691 }] handle_compress: save_context OK id=ctx-ca2886707118784abf7850f98e8c77dd301dcc659ad69c163c223f380d7e83c1
[SystemTime { intervals: 134257685069006979 }] handle_compress: persist_store=true
[SystemTime { intervals: 134257685069010489 }] handle_compress: calling save_context for C:\Users\MNasty\Desktop\RustContextLayerAI\src\lib.rs
[SystemTime { intervals: 134257685069012740 }] handle_compress: save_context OK id=ctx-3f20517c16af3185ff429a4abfdc483a7c53fd649b6194341476f698e2cc33e3
[SystemTime { intervals: 134257715328674299 }] handle_compress: persist_store=true
[SystemTime { intervals: 134257715328681226 }] handle_compress: calling save_context for C:\Users\MNasty\Desktop\RustContextLayerAI\src\main.rs
[SystemTime { intervals: 134257715328684277 }] handle_compress: save_context OK id=ctx-ca2886707118784abf7850f98e8c77dd301dcc659ad69c163c223f380d7e83c1
[SystemTime { intervals: 134257715330239137 }] handle_compress: persist_store=true
[SystemTime { intervals: 134257715330247277 }] handle_compress: calling save_context for C:\Users\MNasty\Desktop\RustContextLayerAI\src\main.rs
[SystemTime { intervals: 134257715330250992 }] handle_compress: save_context OK id=ctx-ca2886707118784abf7850f98e8c77dd301dcc659ad69c163c223f380d7e83c1
[SystemTime { intervals: 134257715330519152 }] handle_compress: persist_store=true
[SystemTime { intervals: 134257715330524265 }] handle_compress: calling save_context for C:\Users\MNasty\Desktop\RustContextLayerAI\src\main.rs
[SystemTime { intervals: 134257715330527062 }] handle_compress: save_context OK id=ctx-ca2886707118784abf7850f98e8c77dd301dcc659ad69c163c223f380d7e83c1
[SystemTime { intervals: 134257715330808643 }] handle_compress: persist_store=true
[SystemTime { intervals: 134257715330814100 }] handle_compress: calling save_context for C:\Users\MNasty\Desktop\RustContextLayerAI\src\lib.rs
[SystemTime { intervals: 134257715330817540 }] handle_compress: save_context OK id=ctx-3f20517c16af3185ff429a4abfdc483a7c53fd649b6194341476f698e2cc33e3
[SystemTime { intervals: 134257715330880937 }] handle_compress: persist_store=true
[SystemTime { intervals: 134257715330887305 }] handle_compress: calling save_context for C:\Users\MNasty\Desktop\RustContextLayerAI\src\main.rs
[SystemTime { intervals: 134257715330890489 }] handle_compress: save_context OK id=ctx-ca2886707118784abf7850f98e8c77dd301dcc659ad69c163c223f380d7e83c1
